keytool -genkey -v -keystore debug.keystore -storepass android -alias androiddebugkey -keypass android -keyalg RSA -keysize 2048 -validity 10000

window:-storetype PKCS12
keytool -genkeypair -v -keystore debug.keystore -storepass android -alias androiddebugkey -keypass android -keyalg RSA -keysize 2048 -validity 10000

mac:
keytool -genkey -v -keystore my-upload-key.keystore -alias my-key-alias -keyalg RSA -keysize 2048 -validity 10000




C:\WINDOWS\system32>cd ..

C:\Windows>cd .

C:\Windows>cd ..

C:\>cd Program Files/Java

C:\Program Files\Java>cd jdk-11.0.12

C:\Program Files\Java\jdk-11.0.12> cd bin

C:\Program Files\Java\jdk-11.0.12\bin>keytool -genkeypair -v -storetype PKCS12 -keystore my-upload-key.keystore -alias my-key-alias -keyalg RSA -keysize 2048 -validity 10000
Enter keystore password:
Keystore password is too short - must be at least 6 characters
Enter keystore password:
Keystore password is too short - must be at least 6 characters
Enter keystore password:
keytool error: java.lang.NullPointerException
java.lang.NullPointerException

C:\Program Files\Java\jdk-11.0.12\bin>keytool -genkeypair -v -storetype PKCS12 -keystore my-socialapp-key.keystore -alias my-key-alias -keyalg RSA -keysize 2048 -validity 10000
Enter keystore password:
Re-enter new password:
What is your first and last name?
  [Unknown]:  muhammad abdullah
What is the name of your organizational unit?
  [Unknown]:  IT
What is the name of your organization?
  [Unknown]:  codehopper
What is the name of your City or Locality?
  [Unknown]:  Lahore
What is the name of your State or Province?
  [Unknown]:  Punjab
What is the two-letter country code for this unit?
  [Unknown]:  PK
Is CN=muhammad abdullah, OU=IT, O=codehopper, L=Lahore, ST=Punjab, C=PK correct?
  [no]:  y

Generating 2,048 bit RSA key pair and self-signed certificate (SHA256withRSA) with a validity of 10,000 days
        for: CN=muhammad abdullah, OU=IT, O=codehopper, L=Lahore, ST=Punjab, C=PK
[Storing my-socialapp-key.keystore]

C:\Program Files\Java\jdk-11.0.12\bin>keytool -keystore my-socialapp-key.keystore -list -v
Enter keystore password:
Keystore type: PKCS12
Keystore provider: SUN

Your keystore contains 1 entry

Alias name: my-key-alias
Creation date: Aug 4, 2022
Entry type: PrivateKeyEntry
Certificate chain length: 1
Certificate[1]:
Owner: CN=muhammad abdullah, OU=IT, O=codehopper, L=Lahore, ST=Punjab, C=PK
Issuer: CN=muhammad abdullah, OU=IT, O=codehopper, L=Lahore, ST=Punjab, C=PK
Serial number: 12ab7de6
Valid from: Thu Aug 04 17:17:03 PKT 2022 until: Mon Dec 20 17:17:03 PKT 2049
Certificate fingerprints:
         SHA1: 97:24:33:7F:94:E2:8E:BF:2D:15:E0:F8:48:22:9C:A5:A9:6B:B2:6F
         SHA256: EF:3C:62:6A:96:F2:66:9D:18:6B:FF:FC:6D:0C:49:9B:5D:4C:6F:61:1D:A2:06:B9:58:62:52:0E:6F:6B:07:B1
Signature algorithm name: SHA256withRSA
Subject Public Key Algorithm: 2048-bit RSA key
Version: 3

Extensions:

#1: ObjectId: 2.5.29.14 Criticality=false
SubjectKeyIdentifier [
KeyIdentifier [
0000: 48 64 6B FA 94 C0 5E E6   E0 E7 1F F7 1E 47 27 0D  Hdk...^......G'.
0010: 51 1C E1 30                                        Q..0
]
]



*******************************************
*******************************************